
 RUN  v4.0.16 /Users/danielopazodamiani/Downloads/HHR-entornoprueba

stdout | tests/views/handoff/HandoffView.test.tsx > HandoffView Component > renders empty message when no record is selected
[useAuthState] 🚀 Initializing Auth System...
[useAuthState] 📡 Subscribing to Firebase Auth changes...
[useAuthState] 🔔 Auth State Change received: test@hospital.cl
[useAuthState] 👤 Real Google user detected. Overriding any local passport.

stderr | tests/views/handoff/HandoffView.test.tsx > HandoffView Component > renders empty message when no record is selected
An update to StaffProvider inside a test was not wrapped in act(...).

When testing, code that causes React state updates should be wrapped into act(...):

act(() => {
  /* fire events that update state */
});
/* assert on the output */

This ensures that you're testing the behavior the user would see in the browser. Learn more at https://react.dev/link/wrap-tests-with-act
An update to StaffProvider inside a test was not wrapped in act(...).

When testing, code that causes React state updates should be wrapped into act(...):

act(() => {
  /* fire events that update state */
});
/* assert on the output */

This ensures that you're testing the behavior the user would see in the browser. Learn more at https://react.dev/link/wrap-tests-with-act

stdout | tests/views/handoff/HandoffView.test.tsx > HandoffView Component > renders empty message when no record is selected
[useAuthState] 🧹 Cleaning up Auth subscription
[StaffContext] 🧹 Cleaning up all subscriptions

stdout | tests/views/handoff/HandoffView.test.tsx > HandoffView Component
[StaffContext] 👤 Auth ready, subscribing to catalogs

stdout | tests/views/handoff/HandoffView.test.tsx > HandoffView Component > displays patients based on shift boundaries
[SaveBackupButton] 🔍 Init check for 2024-12-11 day
[PdfStorage] 🔍 Checking existence: 2024-12-11 day
[useAuthState] 🚀 Initializing Auth System...
[useAuthState] 📡 Subscribing to Firebase Auth changes...
[useAuthState] 🔔 Auth State Change received: test@hospital.cl
[useAuthState] 👤 Real Google user detected. Overriding any local passport.

stderr | tests/views/handoff/HandoffView.test.tsx > HandoffView Component > displays patients based on shift boundaries
[PdfStorage] ❌ Error (possibly CORS): Cannot read properties of undefined (reading 'path')

stdout | tests/views/handoff/HandoffView.test.tsx > HandoffView Component > displays patients based on shift boundaries
[SaveBackupButton] 🏁 Check finished for 2024-12-11 day

stdout | tests/views/handoff/HandoffView.test.tsx > HandoffView Component > displays patients based on shift boundaries
[StaffContext] 👤 Auth ready, subscribing to catalogs

stdout | tests/views/handoff/HandoffView.test.tsx > HandoffView Component > displays patients based on shift boundaries
[useAuthState] 🧹 Cleaning up Auth subscription
[StaffContext] 🧹 Cleaning up all subscriptions

stdout | tests/views/handoff/HandoffView.test.tsx > HandoffView Component > updates handoff staff when selection changes
[SaveBackupButton] 🔍 Init check for 2024-12-11 day
[PdfStorage] 🔍 Checking existence: 2024-12-11 day
[useAuthState] 🚀 Initializing Auth System...
[useAuthState] 📡 Subscribing to Firebase Auth changes...
[useAuthState] 🔔 Auth State Change received: test@hospital.cl
[useAuthState] 👤 Real Google user detected. Overriding any local passport.
UpdateStaff calls: [["day","delivers",["",""]]]

stderr | tests/views/handoff/HandoffView.test.tsx > HandoffView Component > updates handoff staff when selection changes
[PdfStorage] ❌ Error (possibly CORS): Cannot read properties of undefined (reading 'path')

stdout | tests/views/handoff/HandoffView.test.tsx > HandoffView Component > updates handoff staff when selection changes
[SaveBackupButton] 🏁 Check finished for 2024-12-11 day

stdout | tests/views/handoff/HandoffView.test.tsx > HandoffView Component > updates handoff staff when selection changes
[StaffContext] 👤 Auth ready, subscribing to catalogs

stdout | tests/views/handoff/HandoffView.test.tsx > HandoffView Component > updates handoff staff when selection changes
UpdateStaff calls: [["day","delivers",["",""]]]

stdout | tests/views/handoff/HandoffView.test.tsx > HandoffView Component > updates handoff staff when selection changes
[useAuthState] ✨ Auth transition finished

stdout | tests/views/handoff/HandoffView.test.tsx > HandoffView Component > updates handoff staff when selection changes
[useAuthState] ✨ Auth transition finished

stdout | tests/views/handoff/HandoffView.test.tsx > HandoffView Component > updates handoff staff when selection changes
[useAuthState] ✨ Auth transition finished

stdout | tests/views/handoff/HandoffView.test.tsx > HandoffView Component > updates handoff staff when selection changes
UpdateStaff calls: [["day","delivers",["",""]]]

stdout | tests/views/handoff/HandoffView.test.tsx > HandoffView Component > updates handoff staff when selection changes
UpdateStaff calls: [["day","delivers",["",""]]]

stdout | tests/views/handoff/HandoffView.test.tsx > HandoffView Component > updates handoff staff when selection changes
UpdateStaff calls: [["day","delivers",["",""]]]

stdout | tests/views/handoff/HandoffView.test.tsx > HandoffView Component > updates handoff staff when selection changes
UpdateStaff calls: [["day","delivers",["",""]]]

stdout | tests/views/handoff/HandoffView.test.tsx > HandoffView Component > updates handoff staff when selection changes
UpdateStaff calls: [["day","delivers",["",""]]]

stdout | tests/views/handoff/HandoffView.test.tsx > HandoffView Component > updates handoff staff when selection changes
UpdateStaff calls: [["day","delivers",["",""]]]

stdout | tests/views/handoff/HandoffView.test.tsx > HandoffView Component > updates handoff staff when selection changes
UpdateStaff calls: [["day","delivers",["",""]]]

stdout | tests/views/handoff/HandoffView.test.tsx > HandoffView Component > updates handoff staff when selection changes
UpdateStaff calls: [["day","delivers",["",""]]]

stdout | tests/views/handoff/HandoffView.test.tsx > HandoffView Component > updates handoff staff when selection changes
UpdateStaff calls: [["day","delivers",["",""]]]

stdout | tests/views/handoff/HandoffView.test.tsx > HandoffView Component > updates handoff staff when selection changes
UpdateStaff calls: [["day","delivers",["",""]]]

stdout | tests/views/handoff/HandoffView.test.tsx > HandoffView Component > updates handoff staff when selection changes
UpdateStaff calls: [["day","delivers",["",""]]]

stdout | tests/views/handoff/HandoffView.test.tsx > HandoffView Component > updates handoff staff when selection changes
UpdateStaff calls: [["day","delivers",["",""]]]

stdout | tests/views/handoff/HandoffView.test.tsx > HandoffView Component > updates handoff staff when selection changes
UpdateStaff calls: [["day","delivers",["",""]]]

stdout | tests/views/handoff/HandoffView.test.tsx > HandoffView Component > updates handoff staff when selection changes
UpdateStaff calls: [["day","delivers",["",""]]]

stdout | tests/views/handoff/HandoffView.test.tsx > HandoffView Component > updates handoff staff when selection changes
UpdateStaff calls: [["day","delivers",["",""]]]

stdout | tests/views/handoff/HandoffView.test.tsx > HandoffView Component > updates handoff staff when selection changes
UpdateStaff calls: [["day","delivers",["",""]]]

stdout | tests/views/handoff/HandoffView.test.tsx > HandoffView Component > updates handoff staff when selection changes
UpdateStaff calls: [["day","delivers",["",""]]]

stdout | tests/views/handoff/HandoffView.test.tsx > HandoffView Component > updates handoff staff when selection changes
UpdateStaff calls: [["day","delivers",["",""]]]

stdout | tests/views/handoff/HandoffView.test.tsx > HandoffView Component > updates handoff staff when selection changes
UpdateStaff calls: [["day","delivers",["",""]]]

stdout | tests/views/handoff/HandoffView.test.tsx > HandoffView Component > updates handoff staff when selection changes
[useAuthState] 🧹 Cleaning up Auth subscription
[StaffContext] 🧹 Cleaning up all subscriptions

stdout | tests/views/handoff/HandoffView.test.tsx > HandoffView Component > displays and updates handoff novedades
[SaveBackupButton] 🔍 Init check for 2024-12-11 day
[PdfStorage] 🔍 Checking existence: 2024-12-11 day
[useAuthState] 🚀 Initializing Auth System...
[useAuthState] 📡 Subscribing to Firebase Auth changes...
[useAuthState] 🔔 Auth State Change received: test@hospital.cl
[useAuthState] 👤 Real Google user detected. Overriding any local passport.
UpdateNovedades calls: [["day","Updated novedades"]]

stderr | tests/views/handoff/HandoffView.test.tsx > HandoffView Component > displays and updates handoff novedades
[PdfStorage] ❌ Error (possibly CORS): Cannot read properties of undefined (reading 'path')

stdout | tests/views/handoff/HandoffView.test.tsx > HandoffView Component > displays and updates handoff novedades
[SaveBackupButton] 🏁 Check finished for 2024-12-11 day

stdout | tests/views/handoff/HandoffView.test.tsx > HandoffView Component > displays and updates handoff novedades
[StaffContext] 👤 Auth ready, subscribing to catalogs

stdout | tests/views/handoff/HandoffView.test.tsx > HandoffView Component > displays and updates handoff novedades
[useAuthState] 🧹 Cleaning up Auth subscription
[StaffContext] 🧹 Cleaning up all subscriptions

stdout | tests/views/handoff/HandoffView.test.tsx > HandoffView Component > handles medical handoff view
[useAuthState] 🚀 Initializing Auth System...
[useAuthState] 📡 Subscribing to Firebase Auth changes...
[useAuthState] 🔔 Auth State Change received: test@hospital.cl
[useAuthState] 👤 Real Google user detected. Overriding any local passport.

stderr | tests/views/handoff/HandoffView.test.tsx > HandoffView Component > handles medical handoff view
An update to StaffProvider inside a test was not wrapped in act(...).

When testing, code that causes React state updates should be wrapped into act(...):

act(() => {
  /* fire events that update state */
});
/* assert on the output */

This ensures that you're testing the behavior the user would see in the browser. Learn more at https://react.dev/link/wrap-tests-with-act
An update to StaffProvider inside a test was not wrapped in act(...).

When testing, code that causes React state updates should be wrapped into act(...):

act(() => {
  /* fire events that update state */
});
/* assert on the output */

This ensures that you're testing the behavior the user would see in the browser. Learn more at https://react.dev/link/wrap-tests-with-act

stdout | tests/views/handoff/HandoffView.test.tsx > HandoffView Component > handles medical handoff view
[useAuthState] 🧹 Cleaning up Auth subscription
[StaffContext] 🧹 Cleaning up all subscriptions

stdout | tests/views/handoff/HandoffView.test.tsx > HandoffView Component
[StaffContext] 👤 Auth ready, subscribing to catalogs

 ❯ tests/views/handoff/HandoffView.test.tsx (5 tests | 2 failed) 1184ms
     ✓ renders empty message when no record is selected 24ms
     × displays patients based on shift boundaries 55ms
     × updates handoff staff when selection changes 1073ms
     ✓ displays and updates handoff novedades 23ms
     ✓ handles medical handoff view 7ms
stdout | hooks/useAuthState.ts:264:25
[useAuthState] ✨ Auth transition finished

stdout | hooks/useAuthState.ts:264:25
[useAuthState] ✨ Auth transition finished


⎯⎯⎯⎯⎯⎯⎯ Failed Tests 2 ⎯⎯⎯⎯⎯⎯⎯

 FAIL  tests/views/handoff/HandoffView.test.tsx > HandoffView Component > displays patients based on shift boundaries
TypeError: Cannot read properties of undefined (reading 'cudyr')
 ❯ views/handoff/HandoffCudyrPrint.tsx:148:76
    146|                             {visibleBeds.map((bed) => {
    147|                                 const patient = record.beds[bed.id];
    148|                                 const cudyr: Partial<CudyrScore> = pat…
       |                                                                            ^
    149|                                 const { finalCat, badgeColor } = getCa…
    150|                                 const isUTI = bed.type === 'UTI';
 ❯ HandoffCudyrPrint views/handoff/HandoffCudyrPrint.tsx:146:42
 ❯ Object.react_stack_bottom_frame node_modules/react-dom/cjs/react-dom-client.development.js:25904:20
 ❯ renderWithHooks node_modules/react-dom/cjs/react-dom-client.development.js:7662:22
 ❯ updateFunctionComponent node_modules/react-dom/cjs/react-dom-client.development.js:10166:19
 ❯ beginWork node_modules/react-dom/cjs/react-dom-client.development.js:11778:18
 ❯ runWithFiberInDEV node_modules/react-dom/cjs/react-dom-client.development.js:874:13
 ❯ performUnitOfWork node_modules/react-dom/cjs/react-dom-client.development.js:17641:22
 ❯ workLoopSync node_modules/react-dom/cjs/react-dom-client.development.js:17469:41

⎯⎯⎯⎯⎯⎯⎯⎯⎯⎯⎯⎯⎯⎯⎯⎯⎯⎯⎯⎯⎯⎯⎯⎯[1/2]⎯

 FAIL  tests/views/handoff/HandoffView.test.tsx > HandoffView Component > updates handoff staff when selection changes
AssertionError: expected [ '', '' ] to include 'Test Nurse'

Ignored nodes: comments, script, style
[36m<html>[39m
  [36m<head>[39m
    [36m<title>[39m
      [0mTL 11-12-2024[0m
    [36m</title>[39m
  [36m</head>[39m
  [36m<body>[39m
    [36m<div>[39m
      [36m<div[39m
        [33mclass[39m=[32m"space-y-3 print:space-y-2 animate-fade-in pb-20 font-sans max-w-6xl mx-auto px-4 sm:px-6 lg:px-8 print:max-w-none print:w-full print:px-0 print:pb-0"[39m
      [36m>[39m
        [36m<div[39m
          [33mclass[39m=[32m"hidden print:block mb-4 pb-4 border-b-2 border-slate-800"[39m
        [36m>[39m
          [36m<div[39m
            [33mclass[39m=[32m"flex justify-between items-start mb-4"[39m
          [36m>[39m
            [36m<div[39m
              [33mclass[39m=[32m"flex items-start gap-4"[39m
            [36m>[39m
              [36m<img[39m
                [33malt[39m=[32m"Logo HHR"[39m
                [33mclass[39m=[32m"w-12 h-12 print:w-10 print:h-10 object-contain shadow-sm border border-slate-100 p-1 print:p-0 print:border-0 print:shadow-none"[39m
                [33msrc[39m=[32m"/images/logos/logo_HHR.png"[39m
              [36m/>[39m
              [36m<div>[39m
                [36m<h1[39m
                  [33mclass[39m=[32m"text-2xl print:text-lg font-bold text-slate-900 uppercase tracking-tight"[39m
                [36m>[39m
                  [0mEntrega Turno Enfermería - Día [0m
                [36m</h1>[39m
                [36m<p[39m
                  [33mclass[39m=[32m"text-sm text-slate-600 font-medium mt-1 uppercase tracking-wide print:text-xs"[39m
                [36m>[39m
                  [0mServicio Hospitalizados Hanga Roa[0m
                [36m</p>[39m
              [36m</div>[39m
            [36m</div>[39m
            [36m<div[39m
              [33mclass[39m=[32m"text-right"[39m
            [36m>[39m
              [36m<div[39m
                [33mclass[39m=[32m"text-xl print:text-base font-bold text-slate-900"[39m
              [36m>[39m
                [0m11-12-2024[0m
              [36m</div>[39m
              [36m<div[39m
                [33mclass[39m=[32m"text-sm text-slate-600 uppercase print:text-xs"[39m
              [36m>[39m
                [0mTurno Largo (08:00 - 20:00)[0m
              [36m</div>[39m
            [36m</div>[39m
          [36m</div>[39m
          [36m<div[39m
            [33mclass[39m=[32m"grid grid-cols-3 gap-6 text-xs border-t border-slate-300 pt-3"[39m
          [36m>[39m
            [36m<div>[39m
              [36m<span[39m
                [33mclass[39m=[32m"block font-bold text-slate-900 uppercase text-[9px] mb-0.5"[39m
              [36m>[39m
                [0mEnfermero(a) Entrega:[0m
              [36m</span>[39m
              [36m<div[39m
                [33mclass[39m=[32m"text-slate-800 text-[11px]"[39m
              [36m>[39m
                [36m<span[39m
                  [33mclass[39m=[32m"italic text-slate-400"[39m
                [36m>[39m
                  [0mSin especificar[0m
                [36m</span>[39m
              [36m</div>[39m
            [36m</div>[39m
            [36m<div>[39m
              [36m<span[39m
                [33mclass[39m=[32m"block font-bold text-slate-900 uppercase text-[9px] mb-0.5"[39m
              [36m>[39m
                [0mEnfermero(a) Recibe:[0m
              [36m</span>[39m
              [36m<div[39m
                [33mclass[39m=[32m"text-slate-800 text-[11px]"[39m
              [36m>[39m
                [36m<span[39m
                  [33mclass[39m=[32m"italic text-slate-400"[39m
                [36m>[39m
                  [0mSin especificar[0m
                [36m</span>[39m
              [36m</div>[39m
            [36m</div>[39m
            [36m<div>[39m
              [36m<span[39m
                [33mclass[39m=[32m"block font-bold text-slate-900 uppercase text-[9px] mb-0.5"[39m
              [36m>[39m
                [0mTENS de Turno:[0m
              [36m</span>[39m
              [36m<div[39m
                [33mclass[39m=[32m"text-slate-800 text-[11px]"[39m
              [36m>[39m
                [36m<span[39m
                  [33mclass[39m=[32m"italic text-slate-400"[39m
                [36m>[39m
                  [0mSin registro[0m
                [36m</span>[39m
              [36m</div>[39m
            [36m</div>[39m
          [36m</div>[39m
        [36m</div>[39m
        [36m<header[39m
          [33mclass[39m=[32m"bg-white p-3 md:p-4 rounded-xl shadow-sm border border-slate-200 flex flex-col md:flex-row items-center gap-3 print:hidden"[39m
        [36m>[39m
          [36m<div[39m
            [33mclass[39m=[32m"flex items-center gap-3"[39m
          [36m>[39m
            [36m<div[39m
              [33mclass[39m=[32m"p-2 bg-indigo-50 rounded-lg"[39m
            [36m>[39m
              [36m<svg[39m
                [33maria-hidden[39m=[32m"true"[39m
                [33mclass[39m=[32m"lucide lucide-message-square text-medical-600"[39m
                [33mfill[39m=[32m"none"[39m
                [33mheight[39m=[32m"24"[39m
                [33mstroke[39m=[32m"currentColor"[39m
                [33mstroke-linecap[39m=[32m"round"[39m
                [33mstroke-linejoin[39m=[32m"round"[39m
                [33mstroke-width[39m=[32m"2"[39m
                [33mviewBox[39m=[32m"0 0 24 24"[39m
                [33mwidth[39m=[32m"24"[39m
                [33mxmlns[39m=[32m"http://www.w3.org/2000/svg"[39m
              [36m>[39m
                [36m<path[39m
                  [33md[39m=[32m"M22 17a2 2 0 0 1-2 2H6.828a2 2 0 0 0-1.414.586l-2.202 2.202A.71.71 0 0 1 2 21.286V5a2 2 0 0 1 2-2h16a2 2 0 0 1 2 2z"[39m
                [36m/>[39m
              [36m</svg>[39m
            [36m</div>[39m
            [36m<div>[39m
              [36m<h2[39m
                [33mclass[39m=[32m"text-xl font-bold text-slate-800"[39m
              [36m>[39m
                [0mEntrega de Turno Enfermería[0m
              [36m</h2>[39m
            [36m</div>[39m
          [36m</div>[39m
          [36m<div[39m
            [33mclass[39m=[32m"flex-1"[39m
          [36m/>[39m
          [36m<div[39m
            [33mclass[39m=[32m"flex items-center gap-2"[39m
          [36m>[39m
            [36m<div[39m
              [33mclass[39m=[32m"flex bg-slate-100 p-1 rounded-lg"[39m
            [36m>[39m
              [36m<button[39m
                [33maria-pressed[39m=[32m"true"[39m
                [33mclass[39m=[32m"p-1.5 rounded-md text-sm font-medium transition-colors cursor-pointer bg-white text-teal-700 shadow-sm"[39m
              [36m>[39m
                [0mTurno Largo[0m
              [36m</button>[39m
              [36m<button[39m
                [33maria-pressed[39m=[32m"false"[39m
                [33mclass...
 ❯ tests/views/handoff/HandoffView.test.tsx:88:33
     86|             expect(lastCall[1]).toBe('delivers');
     87|             expect(Array.isArray(lastCall[2])).toBe(true);
     88|             expect(lastCall[2]).toContain('Test Nurse');
       |                                 ^
     89|         });
     90|     });
 ❯ runWithExpensiveErrorDiagnosticsDisabled node_modules/@testing-library/dom/dist/config.js:47:12
 ❯ checkCallback node_modules/@testing-library/dom/dist/wait-for.js:124:77
 ❯ Timeout.checkRealTimersCallback node_modules/@testing-library/dom/dist/wait-for.js:118:16

⎯⎯⎯⎯⎯⎯⎯⎯⎯⎯⎯⎯⎯⎯⎯⎯⎯⎯⎯⎯⎯⎯⎯⎯[2/2]⎯


 Test Files  1 failed (1)
      Tests  2 failed | 3 passed (5)
   Start at  00:38:46
   Duration  2.44s (transform 533ms, setup 128ms, import 672ms, tests 1.18s, environment 391ms)

